----
TO: ayan@gmail.com
SUBJECT: Grand Hotel Booking Confirmation #4
DATE: 2026-01-16 19:52:06
MESSAGE:
Booking Confirmed!
                Thanks for booking with Grand Hotel.
                Booking ID: #4
                Room: Romantic Suite (Room 702)
                Check-in: 2026-01-18
                Check-out: 2026-01-20
                Extras: Breakfast(No),
                    Parking(Yes),
                    Airport Pickup(No)
                Extra Total: ৳300.00
----
TO: ahona@gmail.com
SUBJECT: Grand Hotel Booking Confirmation #6
DATE: 2026-01-18 20:22:31
MESSAGE:
Booking Confirmed!
                Thanks for booking with Grand Hotel.
                Booking ID: #6
                Room: Romantic Suite (Room 702)
                Check-in: 2026-01-21
                Check-out: 2026-01-27
                Extras: Breakfast(No),
                    Parking(No),
                    Airport Pickup(No)
                Extra Total: ৳0.00
----
TO: nime@gmail.com
SUBJECT: Grand Hotel Booking Confirmation #7
DATE: 2026-01-18 20:33:17
MESSAGE:
Booking Confirmed!
                Thanks for booking with Grand Hotel.
                Booking ID: #7
                Room: Deluxe Room (Room 201)
                Check-in: 2026-01-21
                Check-out: 2026-01-28
                Extras: Breakfast(No),
                    Parking(No),
                    Airport Pickup(No)
                Extra Total: ৳0.00
----
TO: sakib@gmail.com
SUBJECT: Grand Hotel Booking Confirmation #8
DATE: 2026-01-19 13:40:19
MESSAGE:
Booking Confirmed!
                Thanks for booking with Grand Hotel.
                Booking ID: #8
                Room: Executive Suite (Room 308)
                Check-in: 2026-01-21
                Check-out: 2026-01-28
                Extras: Breakfast(No),
                    Parking(No),
                    Airport Pickup(No)
                Extra Total: ৳0.00
